// Jest Snapshot v1, https://goo.gl/fbAQLP

exports[`Card component renders the UI as expected 1`] = `
<div
  className="Card"
>
  <button
    type="button"
  >
    Delete
  </button>
  <h3 />
  <p />
</div>
`;

exports[`Card component renders the UI as expected with no unreads 1`] = `
<div
  className="Card"
>
  <button
    type="button"
  >
    Delete
  </button>
  <h3 />
  <p />
</div>
`;
